============================= test session starts ==============================
platform darwin -- Python 3.11.11, pytest-9.0.2, pluggy-1.6.0 -- /Users/chortlehoort/Code/Steve/tools/context-portal/.venv/bin/python
cachedir: .pytest_cache
rootdir: /Users/chortlehoort/Code/Steve/tools/context-portal
configfile: pyproject.toml
plugins: anyio-4.12.1, asyncio-1.3.0
asyncio: mode=Mode.AUTO, debug=False, asyncio_default_fixture_loop_scope=None, asyncio_default_test_loop_scope=function
collecting ... collected 166 items

tests/test_bindings/test_binding_tools.py::TestBindingCRUD::test_bind_code_to_item PASSED [  0%]
tests/test_bindings/test_binding_tools.py::TestBindingCRUD::test_bind_code_with_symbol_pattern PASSED [  1%]
tests/test_bindings/test_binding_tools.py::TestBindingCRUD::test_bind_code_with_confidence PASSED [  1%]
tests/test_bindings/test_binding_tools.py::TestBindingCRUD::test_get_bindings_for_item PASSED [  2%]
tests/test_bindings/test_binding_tools.py::TestBindingCRUD::test_get_context_for_files PASSED [  3%]
tests/test_bindings/test_binding_tools.py::TestBindingCRUD::test_get_stale_bindings PASSED [  3%]
tests/test_bindings/test_binding_tools.py::TestBindingCRUD::test_suggest_bindings PASSED [  4%]
tests/test_bindings/test_binding_tools.py::TestBindingCRUD::test_unbind_code_from_item PASSED [  4%]
tests/test_bindings/test_binding_tools.py::TestBindingValidation::test_invalid_binding_type_rejected PASSED [  5%]
tests/test_bindings/test_binding_tools.py::TestBindingValidation::test_empty_file_pattern_rejected PASSED [  6%]
tests/test_bindings/test_matcher.py::TestGlobMatching::test_match_simple_pattern PASSED [  6%]
tests/test_bindings/test_matcher.py::TestGlobMatching::test_match_recursive_pattern PASSED [  7%]
tests/test_bindings/test_matcher.py::TestGlobMatching::test_no_match PASSED [  7%]
tests/test_bindings/test_matcher.py::TestGlobMatching::test_exact_file_match PASSED [  8%]
tests/test_bindings/test_matcher.py::TestGlobMatching::test_match_with_extension PASSED [  9%]
tests/test_bindings/test_matcher.py::TestGlobMatching::test_no_match_different_directory PASSED [  9%]
tests/test_bindings/test_matcher.py::TestGlobMatching::test_match_deeply_nested PASSED [ 10%]
tests/test_bindings/test_matcher.py::TestSymbolCheck::test_check_symbol_in_python_file FAILED [ 10%]
tests/test_bindings/test_matcher.py::TestSymbolCheck::test_check_symbol_nonexistent_file PASSED [ 11%]
tests/test_bindings/test_matcher.py::TestSymbolCheck::test_check_symbol_case_sensitive FAILED [ 12%]
tests/test_bindings/test_matcher.py::TestMatchFilesInWorkspace::test_match_existing_pattern PASSED [ 12%]
tests/test_bindings/test_matcher.py::TestMatchFilesInWorkspace::test_match_nonexistent_pattern PASSED [ 13%]
tests/test_bindings/test_matcher.py::TestMatchFilesInWorkspace::test_match_invalid_workspace PASSED [ 13%]
tests/test_bindings/test_matcher.py::TestVerifyBindingPattern::test_verify_existing_pattern PASSED [ 14%]
tests/test_bindings/test_matcher.py::TestVerifyBindingPattern::test_verify_empty_pattern PASSED [ 15%]
tests/test_bindings/test_matcher.py::TestVerifyBindingPattern::test_verify_with_symbol_pattern PASSED [ 15%]
tests/test_bindings/test_matcher.py::TestVerifyBindingPattern::test_verify_with_missing_symbol PASSED [ 16%]
tests/test_budgeting/test_estimator.py::TestEstimator::test_estimate_compact PASSED [ 16%]
tests/test_budgeting/test_estimator.py::TestEstimator::test_estimate_standard PASSED [ 17%]
tests/test_budgeting/test_estimator.py::TestEstimator::test_estimate_verbose PASSED [ 18%]
tests/test_budgeting/test_estimator.py::TestEstimator::test_verbose_more_than_compact PASSED [ 18%]
tests/test_budgeting/test_estimator.py::TestEstimator::test_format_entity_compact PASSED [ 19%]
tests/test_budgeting/test_estimator.py::TestEstimator::test_format_entity_standard_includes_rationale PASSED [ 19%]
tests/test_budgeting/test_estimator.py::TestEstimator::test_format_entity_verbose_includes_all_keys PASSED [ 20%]
tests/test_budgeting/test_estimator.py::TestEstimator::test_empty_entity PASSED [ 21%]
tests/test_budgeting/test_estimator.py::TestEstimator::test_estimate_text_tokens PASSED [ 21%]
tests/test_budgeting/test_estimator.py::TestEstimator::test_format_entity_compact_with_tags_list PASSED [ 22%]
tests/test_budgeting/test_estimator.py::TestEstimator::test_format_entity_standard_truncates_long_value PASSED [ 22%]
tests/test_budgeting/test_estimator.py::TestEstimator::test_format_entity_compact_picks_first_identifier PASSED [ 23%]
tests/test_budgeting/test_scorer.py::TestScorer::test_score_entities_basic PASSED [ 24%]
tests/test_budgeting/test_scorer.py::TestScorer::test_score_entities_sorted_descending PASSED [ 24%]
tests/test_budgeting/test_scorer.py::TestScorer::test_score_with_link_counts PASSED [ 25%]
tests/test_budgeting/test_scorer.py::TestScorer::test_score_with_bound_entities PASSED [ 25%]
tests/test_budgeting/test_scorer.py::TestScorer::test_score_without_bound_entities PASSED [ 26%]
tests/test_budgeting/test_scorer.py::TestScorer::test_score_with_semantic_scores PASSED [ 27%]
tests/test_budgeting/test_scorer.py::TestScorer::test_scored_entity_to_dict PASSED [ 27%]
tests/test_budgeting/test_scorer.py::TestScorer::test_lifecycle_scores_coverage PASSED [ 28%]
tests/test_budgeting/test_scorer.py::TestScorer::test_score_empty_entities PASSED [ 28%]
tests/test_budgeting/test_scorer.py::TestScorer::test_score_with_custom_weights PASSED [ 29%]
tests/test_budgeting/test_scorer.py::TestScorer::test_score_with_missing_updated_at PASSED [ 30%]
tests/test_budgeting/test_scorer.py::TestScorer::test_score_with_visibility PASSED [ 30%]
tests/test_budgeting/test_selector.py::TestSelector::test_select_within_budget FAILED [ 31%]
tests/test_budgeting/test_selector.py::TestSelector::test_select_all_fit PASSED [ 31%]
tests/test_budgeting/test_selector.py::TestSelector::test_select_zero_budget PASSED [ 32%]
tests/test_budgeting/test_selector.py::TestSelector::test_select_empty_candidates PASSED [ 33%]
tests/test_budgeting/test_selector.py::TestSelector::test_must_include PASSED [ 33%]
tests/test_budgeting/test_selector.py::TestSelector::test_must_include_always_added PASSED [ 34%]
tests/test_budgeting/test_selector.py::TestSelector::test_highest_scored_selected_first PASSED [ 34%]
tests/test_budgeting/test_selector.py::TestSelector::test_result_to_dict PASSED [ 35%]
tests/test_budgeting/test_selector.py::TestSelector::test_excluded_top_limited PASSED [ 36%]
tests/test_budgeting/test_selector.py::TestEstimateContextSize::test_estimate_context_size PASSED [ 36%]
tests/test_budgeting/test_selector.py::TestEstimateContextSize::test_estimate_empty_candidates PASSED [ 37%]
tests/test_budgeting/test_selector.py::TestEstimateContextSize::test_estimate_token_estimates_have_all_formats PASSED [ 37%]
tests/test_budgeting/test_selector.py::TestEstimateContextSize::test_recommended_budgets_have_tiers PASSED [ 38%]
tests/test_dashboard/test_db_reader.py::TestEngramsReader::test_get_overview PASSED [ 39%]
tests/test_dashboard/test_db_reader.py::TestEngramsReader::test_get_overview_has_counts PASSED [ 39%]
tests/test_dashboard/test_db_reader.py::TestEngramsReader::test_get_product_context PASSED [ 40%]
tests/test_dashboard/test_db_reader.py::TestEngramsReader::test_get_active_context PASSED [ 40%]
tests/test_dashboard/test_db_reader.py::TestEngramsReader::test_get_decisions PASSED [ 41%]
tests/test_dashboard/test_db_reader.py::TestEngramsReader::test_get_decisions_with_limit PASSED [ 42%]
tests/test_dashboard/test_db_reader.py::TestEngramsReader::test_get_decision_by_id_nonexistent PASSED [ 42%]
tests/test_dashboard/test_db_reader.py::TestEngramsReader::test_get_patterns PASSED [ 43%]
tests/test_dashboard/test_db_reader.py::TestEngramsReader::test_get_pattern_by_id_nonexistent PASSED [ 43%]
tests/test_dashboard/test_db_reader.py::TestEngramsReader::test_get_progress PASSED [ 44%]
tests/test_dashboard/test_db_reader.py::TestEngramsReader::test_get_progress_with_status_filter PASSED [ 45%]
tests/test_dashboard/test_db_reader.py::TestEngramsReader::test_get_custom_data PASSED [ 45%]
tests/test_dashboard/test_db_reader.py::TestEngramsReader::test_get_custom_data_with_category PASSED [ 46%]
tests/test_dashboard/test_db_reader.py::TestEngramsReader::test_get_custom_data_entry_nonexistent PASSED [ 46%]
tests/test_dashboard/test_db_reader.py::TestEngramsReader::test_get_categories PASSED [ 47%]
tests/test_dashboard/test_db_reader.py::TestEngramsReader::test_get_graph_data PASSED [ 48%]
tests/test_dashboard/test_db_reader.py::TestEngramsReader::test_get_graph_data_with_type_filter PASSED [ 48%]
tests/test_dashboard/test_db_reader.py::TestEngramsReader::test_global_search PASSED [ 49%]
tests/test_dashboard/test_db_reader.py::TestEngramsReader::test_global_search_empty_query PASSED [ 50%]
tests/test_dashboard/test_db_reader.py::TestEngramsReader::test_get_scopes PASSED [ 50%]
tests/test_dashboard/test_db_reader.py::TestEngramsReader::test_get_governance_rules PASSED [ 51%]
tests/test_dashboard/test_db_reader.py::TestEngramsReader::test_get_scope_amendments PASSED [ 51%]
tests/test_dashboard/test_db_reader.py::TestEngramsReader::test_get_bindings_overview PASSED [ 52%]
tests/test_dashboard/test_db_reader.py::TestEngramsReader::test_get_recent_activity PASSED [ 53%]
tests/test_dashboard/test_db_reader.py::TestEngramsReader::test_get_recent_activity_sorted PASSED [ 53%]
tests/test_dashboard/test_db_reader.py::TestEngramsReader::test_table_exists_check PASSED [ 54%]
tests/test_dashboard/test_db_reader.py::TestEngramsReader::test_read_only_mode PASSED [ 54%]
tests/test_governance/test_conflict_detector.py::TestConflictDetection::test_check_conflicts_no_conflicts PASSED [ 55%]
tests/test_governance/test_conflict_detector.py::TestConflictDetection::test_check_conflicts_returns_result_model PASSED [ 56%]
tests/test_governance/test_conflict_detector.py::TestConflictDetection::test_rule_match_blocked_tags PASSED [ 56%]
tests/test_governance/test_conflict_detector.py::TestConflictDetection::test_rule_match_no_match PASSED [ 57%]
tests/test_governance/test_conflict_detector.py::TestConflictDetection::test_rule_match_required_tags_missing PASSED [ 57%]
tests/test_governance/test_conflict_detector.py::TestConflictDetection::test_rule_match_blocked_keywords PASSED [ 58%]
tests/test_governance/test_conflict_detector.py::TestConflictDetection::test_rule_match_empty_rule_definition PASSED [ 59%]
tests/test_governance/test_conflict_detector.py::TestConflictDetection::test_conflict_check_result_defaults PASSED [ 59%]
tests/test_governance/test_scope_tools.py::TestScopeOperations::test_create_team_scope PASSED [ 60%]
tests/test_governance/test_scope_tools.py::TestScopeOperations::test_create_individual_scope PASSED [ 60%]
tests/test_governance/test_scope_tools.py::TestScopeOperations::test_get_scopes PASSED [ 61%]
tests/test_governance/test_scope_tools.py::TestScopeOperations::test_get_scopes_filtered PASSED [ 62%]
tests/test_governance/test_scope_tools.py::TestScopeOperations::test_invalid_scope_type_rejected PASSED [ 62%]
tests/test_governance/test_scope_tools.py::TestGovernanceRules::test_log_governance_rule PASSED [ 63%]
tests/test_governance/test_scope_tools.py::TestGovernanceRules::test_get_governance_rules PASSED [ 63%]
tests/test_governance/test_scope_tools.py::TestAmendments::test_get_scope_amendments PASSED [ 64%]
tests/test_governance/test_scope_tools.py::TestEffectiveContext::test_get_effective_context PASSED [ 65%]
tests/test_handlers_integration.py::test_handlers_integration_smoke PASSED [ 65%]
tests/test_int_coercion.py::test_get_decisions_limit_accepts_numeric_string PASSED [ 66%]
tests/test_int_coercion.py::test_get_decisions_limit_invalid_string_raises PASSED [ 66%]
tests/test_int_coercion.py::test_get_decisions_limit_bounds_enforced PASSED [ 67%]
tests/test_int_coercion.py::test_log_progress_parent_id_coercion PASSED  [ 68%]
tests/test_int_coercion.py::test_update_progress_id_and_parent_id_coercion_and_bounds PASSED [ 68%]
tests/test_int_coercion.py::test_delete_progress_by_id_bounds PASSED     [ 69%]
tests/test_int_coercion.py::test_get_progress_filters_and_limit_coercion PASSED [ 69%]
tests/test_int_coercion.py::test_get_system_patterns_limit_coercion PASSED [ 70%]
tests/test_int_coercion.py::test_delete_system_pattern_by_id_coercion_and_bounds PASSED [ 71%]
tests/test_int_coercion.py::test_search_custom_data_value_limit_coercion_and_bounds PASSED [ 71%]
tests/test_int_coercion.py::test_search_project_glossary_limit_coercion PASSED [ 72%]
tests/test_int_coercion.py::test_get_item_history_version_and_limit_coercion PASSED [ 72%]
tests/test_int_coercion.py::test_recent_activity_summary_coercion_and_bounds PASSED [ 73%]
tests/test_int_coercion.py::test_semantic_search_top_k_coercion_and_bounds PASSED [ 74%]
tests/test_integration/test_cross_feature.py::TestGovernanceWithLogTools::test_log_decision_with_scope PASSED [ 74%]
tests/test_integration/test_cross_feature.py::TestGovernanceWithLogTools::test_log_decision_without_scope_still_works PASSED [ 75%]
tests/test_integration/test_cross_feature.py::TestGovernanceWithLogTools::test_log_decision_with_invalid_visibility_rejected PASSED [ 75%]
tests/test_integration/test_cross_feature.py::TestBindingsWithDecisions::test_full_binding_workflow PASSED [ 76%]
tests/test_integration/test_cross_feature.py::TestBindingsWithDecisions::test_binding_and_verify PASSED [ 77%]
tests/test_integration/test_cross_feature.py::TestBudgetingIntegration::test_estimate_context_size PASSED [ 77%]
tests/test_integration/test_cross_feature.py::TestBudgetingIntegration::test_get_budget_config PASSED [ 78%]
tests/test_integration/test_cross_feature.py::TestBudgetingIntegration::test_get_relevant_context PASSED [ 78%]
tests/test_integration/test_cross_feature.py::TestBudgetingIntegration::test_update_budget_config PASSED [ 79%]
tests/test_integration/test_cross_feature.py::TestOnboardingIntegration::test_executive_briefing PASSED [ 80%]
tests/test_integration/test_cross_feature.py::TestOnboardingIntegration::test_overview_briefing PASSED [ 80%]
tests/test_integration/test_cross_feature.py::TestOnboardingIntegration::test_briefing_staleness PASSED [ 81%]
tests/test_integration/test_cross_feature.py::TestOnboardingIntegration::test_section_detail PASSED [ 81%]
tests/test_integration/test_cross_feature.py::TestGovernanceAndBindingsCombined::test_scoped_decision_with_binding PASSED [ 82%]
tests/test_onboarding/test_briefing.py::TestBriefing::test_generate_executive_briefing PASSED [ 83%]
tests/test_onboarding/test_briefing.py::TestBriefing::test_generate_overview_briefing PASSED [ 83%]
tests/test_onboarding/test_briefing.py::TestBriefing::test_generate_detailed_briefing PASSED [ 84%]
tests/test_onboarding/test_briefing.py::TestBriefing::test_check_staleness PASSED [ 84%]
tests/test_onboarding/test_briefing.py::TestBriefing::test_get_section_detail PASSED [ 85%]
tests/test_onboarding/test_briefing.py::TestBriefing::test_get_section_detail_unknown PASSED [ 86%]
tests/test_onboarding/test_briefing.py::TestBriefing::test_briefing_with_token_budget PASSED [ 86%]
tests/test_onboarding/test_briefing.py::TestBriefing::test_briefing_default_budget_per_level PASSED [ 87%]
tests/test_onboarding/test_briefing.py::TestBriefing::test_briefing_sections_have_expected_keys PASSED [ 87%]
tests/test_onboarding/test_briefing.py::TestBriefing::test_data_coverage_structure PASSED [ 88%]
tests/test_onboarding/test_briefing.py::TestBriefing::test_briefing_with_section_filter PASSED [ 89%]
tests/test_onboarding/test_briefing.py::TestBriefing::test_staleness_sections_have_section_id PASSED [ 89%]
tests/test_onboarding/test_briefing.py::TestBriefingHelpers::test_compute_staleness_days_none PASSED [ 90%]
tests/test_onboarding/test_briefing.py::TestBriefingHelpers::test_compute_staleness_days_string PASSED [ 90%]
tests/test_onboarding/test_briefing.py::TestBriefingHelpers::test_compute_staleness_days_datetime PASSED [ 91%]
tests/test_onboarding/test_templates.py::TestTemplates::test_executive_level_has_fewest_sections PASSED [ 92%]
tests/test_onboarding/test_templates.py::TestTemplates::test_overview_more_than_executive PASSED [ 92%]
tests/test_onboarding/test_templates.py::TestTemplates::test_detailed_more_than_overview PASSED [ 93%]
tests/test_onboarding/test_templates.py::TestTemplates::test_comprehensive_has_all_sections PASSED [ 93%]
tests/test_onboarding/test_templates.py::TestTemplates::test_section_filter PASSED [ 94%]
tests/test_onboarding/test_templates.py::TestTemplates::test_section_filter_nonexistent PASSED [ 95%]
tests/test_onboarding/test_templates.py::TestTemplates::test_default_budgets PASSED [ 95%]
tests/test_onboarding/test_templates.py::TestTemplates::test_default_budget_unknown_level PASSED [ 96%]
tests/test_onboarding/test_templates.py::TestTemplates::test_level_depth_ordering PASSED [ 96%]
tests/test_onboarding/test_templates.py::TestTemplates::test_briefing_levels_list PASSED [ 97%]
tests/test_onboarding/test_templates.py::TestTemplates::test_all_sections_have_required_keys PASSED [ 98%]
tests/test_onboarding/test_templates.py::TestTemplates::test_executive_sections_only_executive_min_level PASSED [ 98%]
tests/test_onboarding/test_templates.py::TestTemplates::test_section_ids_unique PASSED [ 99%]
tests/test_onboarding/test_templates.py::TestTemplates::test_known_section_ids PASSED [100%]

=================================== FAILURES ===================================
_______________ TestSymbolCheck.test_check_symbol_in_python_file _______________
tests/test_bindings/test_matcher.py:40: in test_check_symbol_in_python_file
    assert not matcher.check_symbol_in_file(this_file, "NonExistentClass12345")
E   AssertionError: assert not True
E    +  where True = <function check_symbol_in_file at 0x111bedbc0>('/Users/chortlehoort/Code/Steve/tools/context-portal/tests/test_bindings/test_matcher.py', 'NonExistentClass12345')
E    +    where <function check_symbol_in_file at 0x111bedbc0> = matcher.check_symbol_in_file
_______________ TestSymbolCheck.test_check_symbol_case_sensitive _______________
tests/test_bindings/test_matcher.py:49: in test_check_symbol_case_sensitive
    assert not matcher.check_symbol_in_file(this_file, "testsymbolcheck")
E   AssertionError: assert not True
E    +  where True = <function check_symbol_in_file at 0x111bedbc0>('/Users/chortlehoort/Code/Steve/tools/context-portal/tests/test_bindings/test_matcher.py', 'testsymbolcheck')
E    +    where <function check_symbol_in_file at 0x111bedbc0> = matcher.check_symbol_in_file
____________________ TestSelector.test_select_within_budget ____________________
tests/test_budgeting/test_selector.py:26: in test_select_within_budget
    assert len(result.selected) == 2  # Budget fits 2 of 3
    ^^^^^^^^^^^^^^^^^^^^^^^^^^^^^^^^
E   AssertionError: assert 3 == 2
E    +  where 3 = len([{'entity_type': 'decision', 'entity_id': 1, 'entity': {'_type': 'decision', 'id': 1, 'summary': 'Entity 1'}, 'total_score': 0.9, 'score_breakdown': {'recency': 0.9}, 'token_cost': 100, 'format': 'standard'}, {'entity_type': 'decision', 'entity_id': 2, 'entity': {'_type': 'decision', 'id': 2, 'summary': 'Entity 2'}, 'total_score': 0.7, 'score_breakdown': {'recency': 0.7}, 'token_cost': 100, 'format': 'standard'}, {'entity_type': 'decision', 'entity_id': 3, 'entity': {'_type': 'decision', 'id': 3, 'summary': 'Entity 3'}, 'total_score': 0.5, 'score_breakdown': {'recency': 0.5}, 'token_cost': 4, 'format': 'compact'}])
E    +    where [{'entity_type': 'decision', 'entity_id': 1, 'entity': {'_type': 'decision', 'id': 1, 'summary': 'Entity 1'}, 'total_score': 0.9, 'score_breakdown': {'recency': 0.9}, 'token_cost': 100, 'format': 'standard'}, {'entity_type': 'decision', 'entity_id': 2, 'entity': {'_type': 'decision', 'id': 2, 'summary': 'Entity 2'}, 'total_score': 0.7, 'score_breakdown': {'recency': 0.7}, 'token_cost': 100, 'format': 'standard'}, {'entity_type': 'decision', 'entity_id': 3, 'entity': {'_type': 'decision', 'id': 3, 'summary': 'Entity 3'}, 'total_score': 0.5, 'score_breakdown': {'recency': 0.5}, 'token_cost': 4, 'format': 'compact'}] = ContextBudgetResult(selected=[{'entity_type': 'decision', 'entity_id': 1, 'entity': {'_type': 'decision', 'id': 1, 'summary': 'Entity 1'}, 'total_score': 0.9, 'score_breakdown': {'recency': 0.9}, 'token_cost': 100, 'format': 'standard'}, {'entity_type': 'decision', 'entity_id': 2, 'entity': {'_type': 'decision', 'id': 2, 'summary': 'Entity 2'}, 'total_score': 0.7, 'score_breakdown': {'recency': 0.7}, 'token_cost': 100, 'format': 'standard'}, {'entity_type': 'decision', 'entity_id': 3, 'entity': {'_type': 'decision', 'id': 3, 'summary': 'Entity 3'}, 'total_score': 0.5, 'score_breakdown': {'recency': 0.5}, 'token_cost': 4, 'format': 'compact'}], total_tokens_used=204, budget_remaining=46, excluded_count=0, excluded_top=[], format_used='standard').selected
=============================== warnings summary ===============================
tests/test_bindings/test_binding_tools.py::TestBindingCRUD::test_bind_code_to_item
  /Users/chortlehoort/Code/Steve/tools/context-portal/.venv/lib/python3.11/site-packages/torch/nn/modules/transformer.py:20: UserWarning: Failed to initialize NumPy: _ARRAY_API not found (Triggered internally at /Users/runner/work/pytorch/pytorch/pytorch/torch/csrc/utils/tensor_numpy.cpp:84.)
    device: torch.device = torch.device(torch._C._get_default_device()),  # torch.device('cpu'),

-- Docs: https://docs.pytest.org/en/stable/how-to/capture-warnings.html
=========================== short test summary info ============================
FAILED tests/test_bindings/test_matcher.py::TestSymbolCheck::test_check_symbol_in_python_file - AssertionError: assert not True
 +  where True = <function check_symbol_in_file at 0x111bedbc0>('/Users/chortlehoort/Code/Steve/tools/context-portal/tests/test_bindings/test_matcher.py', 'NonExistentClass12345')
 +    where <function check_symbol_in_file at 0x111bedbc0> = matcher.check_symbol_in_file
FAILED tests/test_bindings/test_matcher.py::TestSymbolCheck::test_check_symbol_case_sensitive - AssertionError: assert not True
 +  where True = <function check_symbol_in_file at 0x111bedbc0>('/Users/chortlehoort/Code/Steve/tools/context-portal/tests/test_bindings/test_matcher.py', 'testsymbolcheck')
 +    where <function check_symbol_in_file at 0x111bedbc0> = matcher.check_symbol_in_file
FAILED tests/test_budgeting/test_selector.py::TestSelector::test_select_within_budget - AssertionError: assert 3 == 2
 +  where 3 = len([{'entity_type': 'decision', 'entity_id': 1, 'entity': {'_type': 'decision', 'id': 1, 'summary': 'Entity 1'}, 'total_score': 0.9, 'score_breakdown': {'recency': 0.9}, 'token_cost': 100, 'format': 'standard'}, {'entity_type': 'decision', 'entity_id': 2, 'entity': {'_type': 'decision', 'id': 2, 'summary': 'Entity 2'}, 'total_score': 0.7, 'score_breakdown': {'recency': 0.7}, 'token_cost': 100, 'format': 'standard'}, {'entity_type': 'decision', 'entity_id': 3, 'entity': {'_type': 'decision', 'id': 3, 'summary': 'Entity 3'}, 'total_score': 0.5, 'score_breakdown': {'recency': 0.5}, 'token_cost': 4, 'format': 'compact'}])
 +    where [{'entity_type': 'decision', 'entity_id': 1, 'entity': {'_type': 'decision', 'id': 1, 'summary': 'Entity 1'}, 'total_score': 0.9, 'score_breakdown': {'recency': 0.9}, 'token_cost': 100, 'format': 'standard'}, {'entity_type': 'decision', 'entity_id': 2, 'entity': {'_type': 'decision', 'id': 2, 'summary': 'Entity 2'}, 'total_score': 0.7, 'score_breakdown': {'recency': 0.7}, 'token_cost': 100, 'format': 'standard'}, {'entity_type': 'decision', 'entity_id': 3, 'entity': {'_type': 'decision', 'id': 3, 'summary': 'Entity 3'}, 'total_score': 0.5, 'score_breakdown': {'recency': 0.5}, 'token_cost': 4, 'format': 'compact'}] = ContextBudgetResult(selected=[{'entity_type': 'decision', 'entity_id': 1, 'entity': {'_type': 'decision', 'id': 1, 'summary': 'Entity 1'}, 'total_score': 0.9, 'score_breakdown': {'recency': 0.9}, 'token_cost': 100, 'format': 'standard'}, {'entity_type': 'decision', 'entity_id': 2, 'entity': {'_type': 'decision', 'id': 2, 'summary': 'Entity 2'}, 'total_score': 0.7, 'score_breakdown': {'recency': 0.7}, 'token_cost': 100, 'format': 'standard'}, {'entity_type': 'decision', 'entity_id': 3, 'entity': {'_type': 'decision', 'id': 3, 'summary': 'Entity 3'}, 'total_score': 0.5, 'score_breakdown': {'recency': 0.5}, 'token_cost': 4, 'format': 'compact'}], total_tokens_used=204, budget_remaining=46, excluded_count=0, excluded_top=[], format_used='standard').selected
=================== 3 failed, 163 passed, 1 warning in 2.50s ===================
